---
http_interactions:
- request:
    method: post
    uri: http://todoable.teachable.tech/api/authenticate
    body:
      encoding: UTF-8
      string: ''
    headers:
      Accept:
      - application/json
      Content-Type:
      - application/json
      Authorization:
      - Basic bmlja3RlYWNoODg4QGdtYWlsLmNvbTp0b2RvYWJsZQ==
  response:
    status:
      code: 200
      message: OK
    headers:
      Date:
      - Fri, 08 Mar 2019 17:50:19 GMT
      Content-Type:
      - application/json
      Content-Length:
      - '88'
      Connection:
      - keep-alive
      Set-Cookie:
      - __cfduid=de7390f8a69e7bb745f653610b486ea041552067419; expires=Sat, 07-Mar-20
        17:50:19 GMT; path=/; domain=.teachable.tech; HttpOnly
      X-Content-Type-Options:
      - nosniff
      X-Request-Id:
      - 3340BBDAEBDE4A34A8DC13130FF39D1E
      Server:
      - cloudflare
      Cf-Ray:
      - 4b46a69b18c3c5fe-EWR
    body:
      encoding: UTF-8
      string: '{"token":"8ddffab0-bdc1-4b63-8122-1a985ccc0a4d","expires_at":"2019-03-08T18:10:19.944Z"}'
    http_version: 
  recorded_at: Fri, 08 Mar 2019 17:50:20 GMT
- request:
    method: post
    uri: http://todoable.teachable.tech/api/lists
    body:
      encoding: UTF-8
      string: '{"list":{"name":"lfnmbqiw"}}'
    headers:
      Authorization:
      - Token token=8ddffab0-bdc1-4b63-8122-1a985ccc0a4d
      Accept:
      - application/json
      Content-Type:
      - application/json
  response:
    status:
      code: 201
      message: Created
    headers:
      Date:
      - Fri, 08 Mar 2019 17:50:20 GMT
      Content-Type:
      - application/json;charset=utf-8
      Content-Length:
      - '149'
      Connection:
      - keep-alive
      Set-Cookie:
      - __cfduid=d6349e6f6965cad633b3efea33bfae6931552067420; expires=Sat, 07-Mar-20
        17:50:20 GMT; path=/; domain=.teachable.tech; HttpOnly
      Location:
      - http://todoable.teachable.tech/api/lists/f692b9ab-522b-4c1f-8915-ce02cd9cc163
      X-Content-Type-Options:
      - nosniff
      X-Request-Id:
      - B1A7F2D46949484AB57B6DAE40B067B5
      Server:
      - cloudflare
      Cf-Ray:
      - 4b46a69febf8cd04-EWR
    body:
      encoding: UTF-8
      string: '{"name":"lfnmbqiw","src":"http://todoable.teachable.tech/api/lists/f692b9ab-522b-4c1f-8915-ce02cd9cc163","id":"f692b9ab-522b-4c1f-8915-ce02cd9cc163"}'
    http_version: 
  recorded_at: Fri, 08 Mar 2019 17:50:20 GMT
- request:
    method: delete
    uri: http://todoable.teachable.tech/api/lists/f692b9ab-522b-4c1f-8915-ce02cd9cc163
    body:
      encoding: US-ASCII
      string: ''
    headers:
      Authorization:
      - Token token=8ddffab0-bdc1-4b63-8122-1a985ccc0a4d
      Accept:
      - application/json
      Content-Type:
      - application/json
  response:
    status:
      code: 204
      message: No Content
    headers:
      Date:
      - Fri, 08 Mar 2019 17:50:20 GMT
      Connection:
      - keep-alive
      Set-Cookie:
      - __cfduid=d6349e6f6965cad633b3efea33bfae6931552067420; expires=Sat, 07-Mar-20
        17:50:20 GMT; path=/; domain=.teachable.tech; HttpOnly
      X-Content-Type-Options:
      - nosniff
      X-Request-Id:
      - 72992E950DAE4339ADDDC8C24677DE72
      Server:
      - cloudflare
      Cf-Ray:
      - 4b46a6a05d5ecd04-EWR
    body:
      encoding: UTF-8
      string: ''
    http_version: 
  recorded_at: Fri, 08 Mar 2019 17:50:20 GMT
recorded_with: VCR 3.0.3
